
ΓöîΓöÇ New feature ΓöÇΓöÇΓöÇΓöÇΓöÇΓöÇΓöÇΓöÇΓöÇΓöÇΓöÇΓöÇΓöÇΓöÇΓöÇΓöÇΓöÇΓöÇΓöÇΓöÇΓöÇΓöÇΓöÇΓöÇΓöÇΓöÇΓöÇΓöÇΓöÇΓöÇΓöÇΓöÇΓöÇΓöÇΓöÇΓöÇΓöÇΓöÇΓöÇΓöÇΓöÇΓöÇΓöÇΓöÇΓöÇΓöÇΓöÇΓöÇΓöÇΓöÇΓöÇΓöÇΓöÇΓöÇΓöÇΓöÇΓöÇΓöÇΓöÇΓöÇΓöÇΓöÇΓöÇΓöÇΓöÇΓöÇΓöÇΓöÇΓöÇΓöÇΓöÇΓöÇΓöÇΓöÇΓöÇΓöÇΓöÉ
Γöé   WebAssembly compilation is new. Understand the details before deploying to production. Γöé
Γöé   See https://flutter.dev/to/wasm for more information.                                  Γöé
ΓööΓöÇΓöÇΓöÇΓöÇΓöÇΓöÇΓöÇΓöÇΓöÇΓöÇΓöÇΓöÇΓöÇΓöÇΓöÇΓöÇΓöÇΓöÇΓöÇΓöÇΓöÇΓöÇΓöÇΓöÇΓöÇΓöÇΓöÇΓöÇΓöÇΓöÇΓöÇΓöÇΓöÇΓöÇΓöÇΓöÇΓöÇΓöÇΓöÇΓöÇΓöÇΓöÇΓöÇΓöÇΓöÇΓöÇΓöÇΓöÇΓöÇΓöÇΓöÇΓöÇΓöÇΓöÇΓöÇΓöÇΓöÇΓöÇΓöÇΓöÇΓöÇΓöÇΓöÇΓöÇΓöÇΓöÇΓöÇΓöÇΓöÇΓöÇΓöÇΓöÇΓöÇΓöÇΓöÇΓöÇΓöÇΓöÇΓöÇΓöÇΓöÇΓöÇΓöÇΓöÇΓöÇΓöÇΓöÇΓöÇΓöÇΓöÇΓöÿ
Compiling lib\main.dart for the Web...                          
Target dart2wasm failed: ProcessException: Process exited abnormally with exit code 254:
Error: Couldn't resolve the package 'audioplayers_web' in 'package:audioplayers_web/audioplayers_web.dart'.
.dart_tool/flutter_build/33200af8ad0e05559dc4ddb4acfb8555/web_plugin_registrant.dart:9:8: Error: Not found: 'package:audioplayers_web/audioplayers_web.dart'
import 'package:audioplayers_web/audioplayers_web.dart';
       ^
.dart_tool/flutter_build/33200af8ad0e05559dc4ddb4acfb8555/web_plugin_registrant.dart:15:3: Error: Undefined name 'AudioplayersPlugin'.
  AudioplayersPlugin.registerWith(registrar);
  ^^^^^^^^^^^^^^^^^^
  Command: D:\flutterSDK\flutter\bin\cache\dart-sdk\bin\dart.exe compile wasm --packages=E:\anitigravity\dominoes\flutter_app\.dart_tool\package_config.json --extra-compiler-option=--platform=D:\flutterSDK\flutter\bin\cache\flutter_web_sdk\kernel\dart2wasm_platform.dill -Ddart.vm.profile=false -Ddart.vm.product=true --extra-compiler-option=--delete-tostring-package-uri=dart:ui --extra-compiler-option=--delete-tostring-package-uri=package:flutter --extra-compiler-option=--import-shared-memory --extra-compiler-option=--shared-memory-max-pages=32768 -DFLUTTER_VERSION=3.41.2 -DFLUTTER_CHANNEL=stable -DFLUTTER_GIT_URL=https://github.com/flutter/flutter.git -DFLUTTER_FRAMEWORK_REVISION=90673a4eef -DFLUTTER_ENGINE_REVISION=6c0baaebf7 -DFLUTTER_DART_VERSION=3.11.0 -DFLUTTER_WEB_USE_SKIA=false -DFLUTTER_WEB_USE_SKWASM=true -DFLUTTER_WEB_CANVASKIT_URL=https://www.gstatic.com/flutter-canvaskit/6c0baaebf70e0148f485f27d5616b3d3382da7bf/ --extra-compiler-option=--depfile=E:\anitigravity\dominoes\flutter_app\.dart_tool\flutter_build\33200af8ad0e05559dc4ddb4acfb8555\dart2wasm.d -O2 --strip-wasm --no-source-maps --minify -o E:\anitigravity\dominoes\flutter_app\.dart_tool\flutter_build\33200af8ad0e05559dc4ddb4acfb8555\main.dart.wasm E:\anitigravity\dominoes\flutter_app\.dart_tool\flutter_build\33200af8ad0e05559dc4ddb4acfb8555\main.dart
#0      RunResult.throwException (package:flutter_tools/src/base/process.dart:153:5)
#1      _DefaultProcessUtils.run (package:flutter_tools/src/base/process.dart:379:19)
<asynchronous suspension>
#2      Dart2WasmTarget.build (package:flutter_tools/src/build_system/targets/web.dart:361:33)
<asynchronous suspension>
#3      _BuildInstance._invokeInternal (package:flutter_tools/src/build_system/build_system.dart:937:9)
<asynchronous suspension>
#4      Future.wait.<anonymous closure> (dart:async/future.dart:546:21)
<asynchronous suspension>
#5      _BuildInstance.invokeTarget (package:flutter_tools/src/build_system/build_system.dart:875:32)
<asynchronous suspension>
#6      Future.wait.<anonymous closure> (dart:async/future.dart:546:21)
<asynchronous suspension>
#7      _BuildInstance.invokeTarget (package:flutter_tools/src/build_system/build_system.dart:875:32)
<asynchronous suspension>
#8      FlutterBuildSystem.build (package:flutter_tools/src/build_system/build_system.dart:684:16)
<asynchronous suspension>
#9      WebBuilder.buildWeb (package:flutter_tools/src/web/compile.dart:107:34)
<asynchronous suspension>
#10     BuildWebCommand.runCommand (package:flutter_tools/src/commands/build_web.dart:300:5)
<asynchronous suspension>
#11     FlutterCommand.run.<anonymous closure> (package:flutter_tools/src/runner/flutter_command.dart:1590:27)
<asynchronous suspension>
#12     AppContext.run.<anonymous closure> (package:flutter_tools/src/base/context.dart:154:19)
<asynchronous suspension>
#13     CommandRunner.runCommand (package:args/command_runner.dart:212:13)
<asynchronous suspension>
#14     FlutterCommandRunner.runCommand.<anonymous closure> (package:flutter_tools/src/runner/flutter_command_runner.dart:496:9)
<asynchronous suspension>
#15     AppContext.run.<anonymous closure> (package:flutter_tools/src/base/context.dart:154:19)
<asynchronous suspension>
#16     FlutterCommandRunner.runCommand (package:flutter_tools/src/runner/flutter_command_runner.dart:431:5)
<asynchronous suspension>
#17     FlutterCommandRunner.run.<anonymous closure> (package:flutter_tools/src/runner/flutter_command_runner.dart:307:33)
<asynchronous suspension>
#18     run.<anonymous closure>.<anonymous closure> (package:flutter_tools/runner.dart:104:11)
<asynchronous suspension>
#19     AppContext.run.<anonymous closure> (package:flutter_tools/src/base/context.dart:154:19)
<asynchronous suspension>
#20     main (package:flutter_tools/executable.dart:103:3)
<asynchronous suspension>

Target dart2js failed: ProcessException: Process exited abnormally with exit code 1:
Error: Couldn't resolve the package 'audioplayers_web' in 'package:audioplayers_web/audioplayers_web.dart'.
.dart_tool/flutter_build/33200af8ad0e05559dc4ddb4acfb8555/web_plugin_registrant.dart:9:8:
Error: Not found: 'package:audioplayers_web/audioplayers_web.dart'
import 'package:audioplayers_web/audioplayers_web.dart';
       ^
.dart_tool/flutter_build/33200af8ad0e05559dc4ddb4acfb8555/web_plugin_registrant.dart:15:3:
Error: Undefined name 'AudioplayersPlugin'.
  AudioplayersPlugin.registerWith(registrar);
  ^^^^^^^^^^^^^^^^^^
Error: Compilation failed.
  Command: D:\flutterSDK\flutter\bin\cache\dart-sdk\bin\dart.exe compile js --platform-binaries=D:\flutterSDK\flutter\bin\cache\flutter_web_sdk\kernel --invoker=flutter_tool -Ddart.vm.product=true -DFLUTTER_VERSION=3.41.2 -DFLUTTER_CHANNEL=stable -DFLUTTER_GIT_URL=https://github.com/flutter/flutter.git -DFLUTTER_FRAMEWORK_REVISION=90673a4eef -DFLUTTER_ENGINE_REVISION=6c0baaebf7 -DFLUTTER_DART_VERSION=3.11.0 -DFLUTTER_WEB_USE_SKIA=true -DFLUTTER_WEB_USE_SKWASM=false -DFLUTTER_WEB_CANVASKIT_URL=https://www.gstatic.com/flutter-canvaskit/6c0baaebf70e0148f485f27d5616b3d3382da7bf/ --native-null-assertions --no-source-maps -O4 --minify -o E:\anitigravity\dominoes\flutter_app\.dart_tool\flutter_build\33200af8ad0e05559dc4ddb4acfb8555\app.dill --packages=E:\anitigravity\dominoes\flutter_app\.dart_tool\package_config.json --cfe-only E:\anitigravity\dominoes\flutter_app\.dart_tool\flutter_build\33200af8ad0e05559dc4ddb4acfb8555\main.dart
#0      RunResult.throwException (package:flutter_tools/src/base/process.dart:153:5)
#1      _DefaultProcessUtils.run (package:flutter_tools/src/base/process.dart:379:19)
<asynchronous suspension>
#2      Dart2JSTarget.build (package:flutter_tools/src/build_system/targets/web.dart:208:5)
<asynchronous suspension>
#3      _BuildInstance._invokeInternal (package:flutter_tools/src/build_system/build_system.dart:937:9)
<asynchronous suspension>
#4      Future.wait.<anonymous closure> (dart:async/future.dart:546:21)
<asynchronous suspension>
#5      _BuildInstance.invokeTarget (package:flutter_tools/src/build_system/build_system.dart:875:32)
<asynchronous suspension>
#6      Future.wait.<anonymous closure> (dart:async/future.dart:546:21)
<asynchronous suspension>
#7      _BuildInstance.invokeTarget (package:flutter_tools/src/build_system/build_system.dart:875:32)
<asynchronous suspension>
#8      FlutterBuildSystem.build (package:flutter_tools/src/build_system/build_system.dart:684:16)
<asynchronous suspension>
#9      WebBuilder.buildWeb (package:flutter_tools/src/web/compile.dart:107:34)
<asynchronous suspension>
#10     BuildWebCommand.runCommand (package:flutter_tools/src/commands/build_web.dart:300:5)
<asynchronous suspension>
#11     FlutterCommand.run.<anonymous closure> (package:flutter_tools/src/runner/flutter_command.dart:1590:27)
<asynchronous suspension>
#12     AppContext.run.<anonymous closure> (package:flutter_tools/src/base/context.dart:154:19)
<asynchronous suspension>
#13     CommandRunner.runCommand (package:args/command_runner.dart:212:13)
<asynchronous suspension>
#14     FlutterCommandRunner.runCommand.<anonymous closure> (package:flutter_tools/src/runner/flutter_command_runner.dart:496:9)
<asynchronous suspension>
#15     AppContext.run.<anonymous closure> (package:flutter_tools/src/base/context.dart:154:19)
<asynchronous suspension>
#16     FlutterCommandRunner.runCommand (package:flutter_tools/src/runner/flutter_command_runner.dart:431:5)
<asynchronous suspension>
#17     FlutterCommandRunner.run.<anonymous closure> (package:flutter_tools/src/runner/flutter_command_runner.dart:307:33)
<asynchronous suspension>
#18     run.<anonymous closure>.<anonymous closure> (package:flutter_tools/runner.dart:104:11)
<asynchronous suspension>
#19     AppContext.run.<anonymous closure> (package:flutter_tools/src/base/context.dart:154:19)
<asynchronous suspension>
#20     main (package:flutter_tools/executable.dart:103:3)
<asynchronous suspension>

Compiling lib\main.dart for the Web...                             10.7s
Error: Failed to compile application for the Web.
